// Jest Snapshot v1, https://goo.gl/fbAQLP

exports[`Apply tests for Hero component Take Snapshot from Hero 1`] = `
Object {
  "asFragment": [Function],
  "baseElement": <body>
    <div>
      <div
        class="container py-3"
      >
        <div
          class="row align-items-center"
        >
          <div
            class="col"
          >
            <img
              alt="Afghanistan"
              class="img-thumbnail"
              src="afghanistan.png"
            />
          </div>
          <div
            class="col"
          >
            <h2
              class="d-flex flex-column"
            >
              <span>
                Afghanistan's
              </span>
              <span
                class="text-warning"
              >
                Weather
              </span>
              <span>
                Forecast
              </span>
            </h2>
          </div>
        </div>
      </div>
    </div>
  </body>,
  "container": <div>
    <div
      class="container py-3"
    >
      <div
        class="row align-items-center"
      >
        <div
          class="col"
        >
          <img
            alt="Afghanistan"
            class="img-thumbnail"
            src="afghanistan.png"
          />
        </div>
        <div
          class="col"
        >
          <h2
            class="d-flex flex-column"
          >
            <span>
              Afghanistan's
            </span>
            <span
              class="text-warning"
            >
              Weather
            </span>
            <span>
              Forecast
            </span>
          </h2>
        </div>
      </div>
    </div>
  </div>,
  "debug": [Function],
  "findAllByAltText": [Function],
  "findAllByDisplayValue": [Function],
  "findAllByLabelText": [Function],
  "findAllByPlaceholderText": [Function],
  "findAllByRole": [Function],
  "findAllByTestId": [Function],
  "findAllByText": [Function],
  "findAllByTitle": [Function],
  "findByAltText": [Function],
  "findByDisplayValue": [Function],
  "findByLabelText": [Function],
  "findByPlaceholderText": [Function],
  "findByRole": [Function],
  "findByTestId": [Function],
  "findByText": [Function],
  "findByTitle": [Function],
  "getAllByAltText": [Function],
  "getAllByDisplayValue": [Function],
  "getAllByLabelText": [Function],
  "getAllByPlaceholderText": [Function],
  "getAllByRole": [Function],
  "getAllByTestId": [Function],
  "getAllByText": [Function],
  "getAllByTitle": [Function],
  "getByAltText": [Function],
  "getByDisplayValue": [Function],
  "getByLabelText": [Function],
  "getByPlaceholderText": [Function],
  "getByRole": [Function],
  "getByTestId": [Function],
  "getByText": [Function],
  "getByTitle": [Function],
  "queryAllByAltText": [Function],
  "queryAllByDisplayValue": [Function],
  "queryAllByLabelText": [Function],
  "queryAllByPlaceholderText": [Function],
  "queryAllByRole": [Function],
  "queryAllByTestId": [Function],
  "queryAllByText": [Function],
  "queryAllByTitle": [Function],
  "queryByAltText": [Function],
  "queryByDisplayValue": [Function],
  "queryByLabelText": [Function],
  "queryByPlaceholderText": [Function],
  "queryByRole": [Function],
  "queryByTestId": [Function],
  "queryByText": [Function],
  "queryByTitle": [Function],
  "rerender": [Function],
  "unmount": [Function],
}
`;
